Main fiber from VM 0x1 panicked: 'Operation not supported'
stack traceback:
	input.lua:5: in main chunk
	[C]: in function ''
	[string "?"]: in function <[string "?"]:0>
