A
true
B
Fiber 0x1 panicked: 'Channel closed'
stack traceback:
	[string "?"]: in function 'send'
	input.lua:8: in function <input.lua:7>
	[C]: in function ''
	[string "?"]: in function <[string "?"]:0>
