Fiber 0x1 panicked: 'Device or resource busy'
stack traceback:
	[string "?"]: in function 'recv'
	input.lua:13: in function <input.lua:12>
	[C]: in function ''
	[string "?"]: in function <[string "?"]:0>
foo
bar
