Main fiber from VM 0x1 panicked: 'ERANGE'
stack traceback:
	input.lua:1: in main chunk
	[C]: in function ''
	[string "?"]: in function <[string "?"]:0>
