Main fiber from VM 0x0 panicked: 'The fiber coroutine is reserved to the scheduler'
stack traceback:
	input.lua:1: in main chunk
