secondary fiber spawned
secondary fiber starts
end of main fiber
Fiber 0x1 panicked: 'tag'
stack traceback:
	input.lua:8: in function <input.lua:6>
	[C]: in function ''
	[string "?"]: in function <[string "?"]:0>
