secondary fiber spawned
secondary fiber starts
end of main fiber
Fiber 0x1 panicked: 'tag'
stack traceback:
	input.lua:10: in function <input.lua:8>
