secondary fiber spawned
secondary fiber starts
about to gc
Fiber 0x1 panicked: 'tag'
stack traceback:
	input.lua:10: in function <input.lua:8>
end of main fiber
