secondary fiber spawned
secondary fiber starts
Fiber 0x1 panicked: 'tag'
stack traceback:
	input.lua:6: in function <input.lua:4>
	[C]: in function ''
	[string "?"]: in function <[string "?"]:0>
end of main fiber
