Main fiber from VM 0x1 panicked: 'EPERM within a forbid-suspend block'
stack traceback:
	input.lua:2: in main chunk
	[C]: in function ''
	[string "?"]: in function <[string "?"]:0>
