Main fiber from VM 0x1 panicked: 'thing'
stack traceback:
	[string "?"]: in function 'get'
	input.lua:8: in main chunk
	[C]: in function ''
	[string "?"]: in function <[string "?"]:0>
