POST
/foobar
foobar2
200
OK
foobar
3858f62230ac3c915f300c664312c63f
