Main fiber from VM 0x0 panicked: 'Invalid argument'
stack traceback:
	input.lua:5: in main chunk
