Main fiber from VM 0x1 panicked: 'Invalid argument'
stack traceback:
	input.lua:7: in main chunk
	[C]: in function ''
	[string "?"]: in function <[string "?"]:0>
