Main fiber from VM 0x1 panicked: 'EINVAL'
stack traceback:
	[string "?"]: in function 'send'
	input.lua:11: in main chunk
	[C]: in function ''
	[string "?"]: in function <[string "?"]:0>
