Main fiber from VM 0x1 panicked: 'Broadcast the address before attempting to receive on it'
stack traceback:
	[string "?"]: in function 'receive'
	input.lua:8: in main chunk
	[C]: in function ''
	[string "?"]: in function <[string "?"]:0>
