secondary fiber spawned
secondary fiber starts
false
tag
end of main fiber
