secondary fiber spawned
secondary fiber starts
3
30
31
32
end of main fiber
