Fiber 0x0 panicked: 'Resource deadlock avoided'
stack traceback:
	[string "?"]: in function <[string "?"]:0>
	input.lua:6: in function <input.lua:3>
