Main fiber from VM 0x1 panicked: 'Reference cycle exists'
stack traceback:
	[string "?"]: in function ''
	[string "?"]: in function ''
	[string "?"]: in function 'encode'
	input.lua:5: in main chunk
	[C]: in function ''
	[string "?"]: in function <[string "?"]:0>
