number	1
number	1.5
boolean	false
boolean	true
table	null
string	hello world
