Main fiber from VM 0x1 panicked: 'Invalid argument'
stack traceback:
	[string "?"]: in function 'send'
	input.lua:14: in main chunk
	[C]: in function ''
	[string "?"]: in function <[string "?"]:0>
