nil
foo
foo
nil
bar
foo
end of main fiber
bar
end of secondary fiber
