Main fiber from VM 0x1 panicked: 'The module you're trying to import has a dependency on the current module (and it is partially loaded already)'
stack traceback:
	[string "?"]: in function 'require'
	input.lua:3: in main chunk
	[C]: in function ''
	[string "?"]: in function <[string "?"]:0>
