Fiber 0x1 panicked: 'You can only import modules from the main fiber'
stack traceback:
	[string "?"]: in function 'require'
	input.lua:4: in function <input.lua:3>
	[C]: in function ''
	[string "?"]: in function <[string "?"]:0>
