Main fiber from VM 0x1 panicked: 'Operation not permitted'
stack traceback:
	input.lua:7: in main chunk
