Possible deadlock(s) detected during VM 0x1 shutdown:
	No scheduled fibers remaining to unlock mutex 0x2
