1	Robbins
2	Arnold
3	"1234 A Pretty Street
4	 NE"
5	MyTown
6	MyState
7	12345-6789
8	USA
1	Robbins
2	Arnold
3	"1234 A Pretty Street
4	 NE"
5	MyTown
6	MyState
7	12345-6789
8	USA
