1	
2	Arnold
3	
4	MyTown
5	MyState
6	12345-6789
7	
1	Robbins
2	Arnold
3	
4	MyTown
5	MyState
6	12345-6789
7	
1	
2	Arnold
3	
4	MyTown
5	MyState
6	12345-6789
7	USA
--
1	
2	Arnold
3	
4	MyTown
5	MyState
6	12345-6789
7	
1	Robbins
2	Arnold
3	
4	MyTown
5	MyState
6	12345-6789
7	
1	
2	Arnold
3	
4	MyTown
5	MyState
6	12345-6789
7	USA
