foo1
bar1
foo2
Fiber 0x1 panicked: 'input.lua:9: foo3'
stack traceback:
	input.lua:9: in function <input.lua:3>
	[C]: in function ''
	[string "?"]: in function <[string "?"]:0>
bar2
Fiber 0x2 panicked: 'input.lua:18: bar3'
stack traceback:
	input.lua:18: in function <input.lua:12>
	[C]: in function ''
	[string "?"]: in function <[string "?"]:0>
